------------------------------------------------------------
TimeQuest Timing Analyzer Summary
------------------------------------------------------------

Type  : Slow 1200mV 85C Model Setup 'clkdiv:clkdiv1|clk_out'
Slack : -3.341
TNS   : -49.772

Type  : Slow 1200mV 85C Model Setup 'clk'
Slack : -1.239
TNS   : -13.393

Type  : Slow 1200mV 85C Model Hold 'clkdiv:clkdiv1|clk_out'
Slack : 0.355
TNS   : 0.000

Type  : Slow 1200mV 85C Model Hold 'clk'
Slack : 0.481
TNS   : 0.000

Type  : Slow 1200mV 85C Model Minimum Pulse Width 'clk'
Slack : -3.000
TNS   : -15.000

Type  : Slow 1200mV 85C Model Minimum Pulse Width 'clkdiv:clkdiv1|clk_out'
Slack : -1.000
TNS   : -37.000

Type  : Slow 1200mV 0C Model Setup 'clkdiv:clkdiv1|clk_out'
Slack : -2.844
TNS   : -42.166

Type  : Slow 1200mV 0C Model Setup 'clk'
Slack : -1.021
TNS   : -10.856

Type  : Slow 1200mV 0C Model Hold 'clkdiv:clkdiv1|clk_out'
Slack : 0.310
TNS   : 0.000

Type  : Slow 1200mV 0C Model Hold 'clk'
Slack : 0.426
TNS   : 0.000

Type  : Slow 1200mV 0C Model Minimum Pulse Width 'clk'
Slack : -3.000
TNS   : -15.000

Type  : Slow 1200mV 0C Model Minimum Pulse Width 'clkdiv:clkdiv1|clk_out'
Slack : -1.000
TNS   : -37.000

Type  : Fast 1200mV 0C Model Setup 'clkdiv:clkdiv1|clk_out'
Slack : -1.460
TNS   : -19.959

Type  : Fast 1200mV 0C Model Setup 'clk'
Slack : -0.215
TNS   : -1.869

Type  : Fast 1200mV 0C Model Hold 'clkdiv:clkdiv1|clk_out'
Slack : 0.186
TNS   : 0.000

Type  : Fast 1200mV 0C Model Hold 'clk'
Slack : 0.257
TNS   : 0.000

Type  : Fast 1200mV 0C Model Minimum Pulse Width 'clk'
Slack : -3.000
TNS   : -15.399

Type  : Fast 1200mV 0C Model Minimum Pulse Width 'clkdiv:clkdiv1|clk_out'
Slack : -1.000
TNS   : -37.000

------------------------------------------------------------
