------------------------------------------------------------
TimeQuest Timing Analyzer Summary
------------------------------------------------------------

Type  : Slow 1200mV 85C Model Setup 'clkdiv:clkdiv1|clk_out'
Slack : -3.034
TNS   : -42.104

Type  : Slow 1200mV 85C Model Setup 'clk'
Slack : -2.093
TNS   : -37.696

Type  : Slow 1200mV 85C Model Hold 'clkdiv:clkdiv1|clk_out'
Slack : 0.341
TNS   : 0.000

Type  : Slow 1200mV 85C Model Hold 'clk'
Slack : 0.381
TNS   : 0.000

Type  : Slow 1200mV 85C Model Minimum Pulse Width 'clk'
Slack : -3.000
TNS   : -24.000

Type  : Slow 1200mV 85C Model Minimum Pulse Width 'clkdiv:clkdiv1|clk_out'
Slack : -1.000
TNS   : -27.000

Type  : Slow 1200mV 0C Model Setup 'clkdiv:clkdiv1|clk_out'
Slack : -2.575
TNS   : -35.112

Type  : Slow 1200mV 0C Model Setup 'clk'
Slack : -1.798
TNS   : -32.116

Type  : Slow 1200mV 0C Model Hold 'clkdiv:clkdiv1|clk_out'
Slack : 0.297
TNS   : 0.000

Type  : Slow 1200mV 0C Model Hold 'clk'
Slack : 0.338
TNS   : 0.000

Type  : Slow 1200mV 0C Model Minimum Pulse Width 'clk'
Slack : -3.000
TNS   : -24.000

Type  : Slow 1200mV 0C Model Minimum Pulse Width 'clkdiv:clkdiv1|clk_out'
Slack : -1.000
TNS   : -27.000

Type  : Fast 1200mV 0C Model Setup 'clkdiv:clkdiv1|clk_out'
Slack : -1.274
TNS   : -15.400

Type  : Fast 1200mV 0C Model Setup 'clk'
Slack : -0.707
TNS   : -11.257

Type  : Fast 1200mV 0C Model Hold 'clkdiv:clkdiv1|clk_out'
Slack : 0.178
TNS   : 0.000

Type  : Fast 1200mV 0C Model Hold 'clk'
Slack : 0.201
TNS   : 0.000

Type  : Fast 1200mV 0C Model Minimum Pulse Width 'clk'
Slack : -3.000
TNS   : -24.781

Type  : Fast 1200mV 0C Model Minimum Pulse Width 'clkdiv:clkdiv1|clk_out'
Slack : -1.000
TNS   : -27.000

------------------------------------------------------------
