------------------------------------------------------------
TimeQuest Timing Analyzer Summary
------------------------------------------------------------

Type  : Slow 1200mV 85C Model Setup 'CLOCK_50'
Slack : -1.937
TNS   : -40.729

Type  : Slow 1200mV 85C Model Hold 'CLOCK_50'
Slack : 0.359
TNS   : 0.000

Type  : Slow 1200mV 85C Model Recovery 'CLOCK_50'
Slack : -0.286
TNS   : -2.288

Type  : Slow 1200mV 85C Model Removal 'CLOCK_50'
Slack : 0.870
TNS   : 0.000

Type  : Slow 1200mV 85C Model Minimum Pulse Width 'CLOCK_50'
Slack : -3.000
TNS   : -39.000

Type  : Slow 1200mV 0C Model Setup 'CLOCK_50'
Slack : -1.587
TNS   : -33.084

Type  : Slow 1200mV 0C Model Hold 'CLOCK_50'
Slack : 0.312
TNS   : 0.000

Type  : Slow 1200mV 0C Model Recovery 'CLOCK_50'
Slack : -0.147
TNS   : -1.176

Type  : Slow 1200mV 0C Model Removal 'CLOCK_50'
Slack : 0.783
TNS   : 0.000

Type  : Slow 1200mV 0C Model Minimum Pulse Width 'CLOCK_50'
Slack : -3.000
TNS   : -39.000

Type  : Fast 1200mV 0C Model Setup 'CLOCK_50'
Slack : -0.667
TNS   : -9.834

Type  : Fast 1200mV 0C Model Hold 'CLOCK_50'
Slack : 0.187
TNS   : 0.000

Type  : Fast 1200mV 0C Model Recovery 'CLOCK_50'
Slack : 0.265
TNS   : 0.000

Type  : Fast 1200mV 0C Model Removal 'CLOCK_50'
Slack : 0.476
TNS   : 0.000

Type  : Fast 1200mV 0C Model Minimum Pulse Width 'CLOCK_50'
Slack : -3.000
TNS   : -49.513

------------------------------------------------------------
